// Jest Snapshot v1, https://goo.gl/fbAQLP

exports[`GiftCardBalance renders correctly when desktop 1`] = `
<div
  className="gc-balance cell card"
>
  <div
    className="grid-x"
  >
    <div
      className="cell small-12"
    >
      <h1>
        Check Gift Card Balance
      </h1>
    </div>
    <div
      className="cell small-12 grid-x"
    >
      <div
        className="cell grid-x small-12 large-6 numbers-image"
      >
        <img
          alt="Gift Card Number Locations"
          className="small-12"
          src="undefinedgiftcard-diagram.jpg"
        />
        <div
          className="redeem-message"
        >
          <a
            aria-describedby="purchase-gift-card"
            className="small-12 period"
            gtm-action="click"
            gtm-category="gift card"
            gtm-label="purchase gift card"
            gtm-value={null}
            href="/gift-cards/purchase"
            onBlur={null}
            onClick={[Function]}
            onFocus={null}
            onKeyDownCapture={null}
          >
            Purchase Gift Card 
          </a>
          <span>
            Redeem your Gift Card
            <a
              aria-describedby="redeem-gift-card-online"
              className="small-12"
              gtm-action="click"
              gtm-category="gift card"
              gtm-label="online"
              gtm-value={null}
              href="/"
              onBlur={null}
              onClick={[Function]}
              onFocus={null}
              onKeyDownCapture={null}
            >
               online 
            </a>
            or in your nearest
            <a
              aria-describedby="redeem-gift-card-in-showroom"
              className="small-12 period"
              gtm-action="click"
              gtm-category="gift card"
              gtm-label="showroom"
              gtm-value={null}
              href="/stores"
              onBlur={null}
              onClick={[Function]}
              onFocus={null}
              onKeyDownCapture={null}
            >
               showroom
            </a>
            .
          </span>
        </div>
      </div>
      <div
        className="grid-x small-12 large-6 form-area"
      >
        <div
          className="small-12"
        >
          <p>
            Fill in the fields below to retrieve your gift card balance.
          </p>
          <p
            className="asterisk"
          >
            *Asterisks indicate required fields in the form below
          </p>
        </div>
        <form
          className="grid-x cell small-8"
        >
          <label
            className="cell small-12"
          >
            16-digit Card Number
          </label>
          <input
            className="cell small-12"
            id="gift_card_number"
            maxLength={16}
            name="gift_card_number"
            onChange={[Function]}
            type="text"
            value=""
          />
          <label
            className="cell small-12"
          >
            8-digit PIN Number
          </label>
          <input
            className="cell small-12"
            id="gift_card_pin"
            maxLength={8}
            name="gift_card_pin"
            onChange={[Function]}
            type="text"
            value=""
          />
          <button
            className="primary"
            gtm-action="gift card balance check"
            gtm-category="gift-card"
            gtm-label="gift-card-balance"
            onClick={[Function]}
          >
            Check Card Balance
          </button>
        </form>
      </div>
    </div>
    <div
      className="cell accordians"
    >
      <div
        className="gc-accordions"
      >
        <div
          className="contentful-accordion"
        >
          <div
            aria-controls="gf-faqs"
            aria-expanded={false}
            className="contentful-accordion-heading"
            onClick={[Function]}
            onKeyDown={[Function]}
            role="button"
            tabIndex="0"
          >
            <span>
              Gift Card FAQs
            </span>
            <i
              className=""
            />
          </div>
          <div
            className="contentful-accordion-content"
          >
            <div
              className="gc-faq-wrapper"
            >
              <span
                className="gc-faq-title"
              >
                Can I buy Rooms To Go gift cards online?
              </span>
              <span>
                Yes, you may purchase Rooms To Go gift cards online at roomstogo.com.
              </span>
            </div>
            <div
              className="gc-faq-wrapper"
            >
              <span
                className="gc-faq-title"
              >
                How do I redeem a Rooms To Go gift card online?
              </span>
              <span>
                Shop roomstogo.com, choose merchandise you wish to buy and add it to your shopping cart. At Checkout, a space is provided to enter the gift card number, which is located on the back of the gift card, as well as the PIN number, also provided on the back.
              </span>
            </div>
            <div
              className="gc-faq-wrapper"
            >
              <span
                className="gc-faq-title"
              >
                Can I redeem a Rooms To Go gift card in a Rooms To Go showroom?
              </span>
              <span>
                Yes, your gift card may be redeemed in any Rooms To Go or Rooms To Go Kids showroom in the Contiguous U.S. Sorry, gift cards cannot be redeemed in showrooms outside the United States at this time.
              </span>
            </div>
            <div
              className="gc-faq-wrapper"
            >
              <span
                className="gc-faq-title"
              >
                What are the shipping charges for Rooms To Go gift cards?
              </span>
              <span>
                Your gift card will be sent free of charge via certified mail. Please be aware that gift cards will only be mailed to the purchaser's billing address, not your intended recipient. This is for security purposes.
              </span>
            </div>
          </div>
        </div>
        <div
          className="contentful-accordion"
        >
          <div
            aria-controls="gf-terms"
            aria-expanded={false}
            className="contentful-accordion-heading"
            onClick={[Function]}
            onKeyDown={[Function]}
            role="button"
            tabIndex="0"
          >
            <span>
              Terms and conditions
            </span>
            <i
              className=""
            />
          </div>
          <div
            className="contentful-accordion-content"
          >
            <div>
              <p>
                The Rooms To Go gift card is easy to carry and easy to use. Once activated, this card is redeemable for merchandise at any Rooms To Go or Rooms To Go Kids showroom, or online at roomstogo.com. Please note that the pin number from the gift card is required to redeem online. Checking the gift card balance is simple, by calling 1-888-228-0144 or by
                <a
                  gtm-action="click"
                  gtm-category="gift-card"
                  gtm-label="gift card balance"
                  gtm-value={null}
                  href="/gift-cards/balance"
                  onBlur={null}
                  onClick={[Function]}
                  onFocus={null}
                  onKeyDownCapture={null}
                  title="Rooms To Go Gift Card Balance"
                >
                   clicking here
                </a>
                . The Rooms To Go gift card will be mailed to you at no charge. It is our policy to mail the card to the purchaser's billing address. This card has no cash value and is not redeemable for cash, nor will it be replaced if lost or stolen. Gift cards may not be applied towards prior purchases or account balances or to purchase additional Gift cards. Gift cards are not returnable or refundable. Any balance remains on the Gift card until it is spent. The Rooms To Go gift card is an ideal gift choice for weddings, graduations, anniversaries and so many other special occasions.
              </p>
            </div>
          </div>
        </div>
      </div>
    </div>
  </div>
</div>
`;

exports[`GiftCardBalance renders correctly when mobile 1`] = `
<div
  className="gc-balance cell card"
>
  <div
    className="grid-x"
  >
    <div
      className="cell small-12"
    >
      <h1>
        Check Gift Card Balance
      </h1>
    </div>
    <div
      className="cell small-12 grid-x"
    >
      <div
        className="cell grid-x small-12 large-6 numbers-image"
      >
        <img
          alt="Gift Card Number Locations"
          className="small-12"
          src="undefinedgiftcard-diagram.jpg"
        />
        <div
          className="redeem-message"
        >
          <a
            aria-describedby="purchase-gift-card"
            className="small-12 period"
            gtm-action="click"
            gtm-category="gift card"
            gtm-label="purchase gift card"
            gtm-value={null}
            href="/gift-cards/purchase"
            onBlur={null}
            onClick={[Function]}
            onFocus={null}
            onKeyDownCapture={null}
          >
            Purchase Gift Card 
          </a>
          <span>
            Redeem your Gift Card
            <a
              aria-describedby="redeem-gift-card-online"
              className="small-12"
              gtm-action="click"
              gtm-category="gift card"
              gtm-label="online"
              gtm-value={null}
              href="/"
              onBlur={null}
              onClick={[Function]}
              onFocus={null}
              onKeyDownCapture={null}
            >
               online 
            </a>
            or in your nearest
            <a
              aria-describedby="redeem-gift-card-in-showroom"
              className="small-12 period"
              gtm-action="click"
              gtm-category="gift card"
              gtm-label="showroom"
              gtm-value={null}
              href="/stores"
              onBlur={null}
              onClick={[Function]}
              onFocus={null}
              onKeyDownCapture={null}
            >
               showroom
            </a>
            .
          </span>
        </div>
      </div>
      <div
        className="grid-x small-12 large-6 form-area"
      >
        <div
          className="small-12"
        >
          <p>
            Fill in the fields below to retrieve your gift card balance.
          </p>
          <p
            className="asterisk"
          >
            *Asterisks indicate required fields in the form below
          </p>
        </div>
        <form
          className="grid-x cell small-8"
        >
          <label
            className="cell small-12"
          >
            16-digit Card Number
          </label>
          <input
            className="cell small-12"
            id="gift_card_number"
            maxLength={16}
            name="gift_card_number"
            onChange={[Function]}
            type="text"
            value=""
          />
          <label
            className="cell small-12"
          >
            8-digit PIN Number
          </label>
          <input
            className="cell small-12"
            id="gift_card_pin"
            maxLength={8}
            name="gift_card_pin"
            onChange={[Function]}
            type="text"
            value=""
          />
          <button
            className="primary"
            gtm-action="gift card balance check"
            gtm-category="gift-card"
            gtm-label="gift-card-balance"
            onClick={[Function]}
          >
            Check Card Balance
          </button>
        </form>
      </div>
    </div>
    <div
      className="cell accordians"
    >
      <div
        className="gc-accordions"
      >
        <div
          className="contentful-accordion"
        >
          <div
            aria-controls="gf-faqs"
            aria-expanded={false}
            className="contentful-accordion-heading"
            onClick={[Function]}
            onKeyDown={[Function]}
            role="button"
            tabIndex="0"
          >
            <span>
              Gift Card FAQs
            </span>
            <i
              className=""
            />
          </div>
          <div
            className="contentful-accordion-content"
          >
            <div
              className="gc-faq-wrapper"
            >
              <span
                className="gc-faq-title"
              >
                Can I buy Rooms To Go gift cards online?
              </span>
              <span>
                Yes, you may purchase Rooms To Go gift cards online at roomstogo.com.
              </span>
            </div>
            <div
              className="gc-faq-wrapper"
            >
              <span
                className="gc-faq-title"
              >
                How do I redeem a Rooms To Go gift card online?
              </span>
              <span>
                Shop roomstogo.com, choose merchandise you wish to buy and add it to your shopping cart. At Checkout, a space is provided to enter the gift card number, which is located on the back of the gift card, as well as the PIN number, also provided on the back.
              </span>
            </div>
            <div
              className="gc-faq-wrapper"
            >
              <span
                className="gc-faq-title"
              >
                Can I redeem a Rooms To Go gift card in a Rooms To Go showroom?
              </span>
              <span>
                Yes, your gift card may be redeemed in any Rooms To Go or Rooms To Go Kids showroom in the Contiguous U.S. Sorry, gift cards cannot be redeemed in showrooms outside the United States at this time.
              </span>
            </div>
            <div
              className="gc-faq-wrapper"
            >
              <span
                className="gc-faq-title"
              >
                What are the shipping charges for Rooms To Go gift cards?
              </span>
              <span>
                Your gift card will be sent free of charge via certified mail. Please be aware that gift cards will only be mailed to the purchaser's billing address, not your intended recipient. This is for security purposes.
              </span>
            </div>
          </div>
        </div>
        <div
          className="contentful-accordion"
        >
          <div
            aria-controls="gf-terms"
            aria-expanded={false}
            className="contentful-accordion-heading"
            onClick={[Function]}
            onKeyDown={[Function]}
            role="button"
            tabIndex="0"
          >
            <span>
              Terms and conditions
            </span>
            <i
              className=""
            />
          </div>
          <div
            className="contentful-accordion-content"
          >
            <div>
              <p>
                The Rooms To Go gift card is easy to carry and easy to use. Once activated, this card is redeemable for merchandise at any Rooms To Go or Rooms To Go Kids showroom, or online at roomstogo.com. Please note that the pin number from the gift card is required to redeem online. Checking the gift card balance is simple, by calling 1-888-228-0144 or by
                <a
                  gtm-action="click"
                  gtm-category="gift-card"
                  gtm-label="gift card balance"
                  gtm-value={null}
                  href="/gift-cards/balance"
                  onBlur={null}
                  onClick={[Function]}
                  onFocus={null}
                  onKeyDownCapture={null}
                  title="Rooms To Go Gift Card Balance"
                >
                   clicking here
                </a>
                . The Rooms To Go gift card will be mailed to you at no charge. It is our policy to mail the card to the purchaser's billing address. This card has no cash value and is not redeemable for cash, nor will it be replaced if lost or stolen. Gift cards may not be applied towards prior purchases or account balances or to purchase additional Gift cards. Gift cards are not returnable or refundable. Any balance remains on the Gift card until it is spent. The Rooms To Go gift card is an ideal gift choice for weddings, graduations, anniversaries and so many other special occasions.
              </p>
            </div>
          </div>
        </div>
      </div>
    </div>
  </div>
</div>
`;
